// Jest Snapshot v1, https://goo.gl/fbAQLP

exports[`matches snapshot 1`] = `
<DocumentFragment>
  <div
    class="LoginForm"
  >
    <form
      class="Form-body"
    >
      <div
        class="form-group"
      >
        <label
          class=""
          for="username"
        >
          Username
        </label>
        <input
          autocomplete="username"
          class="Form-input form-control"
          id="username"
          name="username"
          required=""
          type="text"
          value=""
        />
      </div>
      <div
        class="form-group"
      >
        <label
          class=""
          for="password"
        >
          Password
        </label>
        <input
          autocomplete="current-password"
          class="Form-input form-control"
          id="password"
          name="password"
          required=""
          type="password"
          value=""
        />
      </div>
      <button
        class="btn btn-success float-right btn btn-secondary"
      >
        Submit
      </button>
    </form>
  </div>
</DocumentFragment>
`;
